------------------------------------------------------------
TimeQuest Timing Analyzer Summary
------------------------------------------------------------

Type  : Slow 1200mV 85C Model Setup 'vga_controller:comb_4|vga_clk'
Slack : -2.355
TNS   : -41.741

Type  : Slow 1200mV 85C Model Setup 'clk'
Slack : -0.700
TNS   : -0.716

Type  : Slow 1200mV 85C Model Hold 'clk'
Slack : -0.123
TNS   : -0.123

Type  : Slow 1200mV 85C Model Hold 'vga_controller:comb_4|vga_clk'
Slack : 0.679
TNS   : 0.000

Type  : Slow 1200mV 85C Model Minimum Pulse Width 'clk'
Slack : -3.201
TNS   : -7.688

Type  : Slow 1200mV 85C Model Minimum Pulse Width 'vga_controller:comb_4|vga_clk'
Slack : -1.487
TNS   : -34.201

Type  : Slow 1200mV 0C Model Setup 'vga_controller:comb_4|vga_clk'
Slack : -2.092
TNS   : -36.525

Type  : Slow 1200mV 0C Model Setup 'clk'
Slack : -0.645
TNS   : -0.666

Type  : Slow 1200mV 0C Model Hold 'clk'
Slack : -0.101
TNS   : -0.101

Type  : Slow 1200mV 0C Model Hold 'vga_controller:comb_4|vga_clk'
Slack : 0.630
TNS   : 0.000

Type  : Slow 1200mV 0C Model Minimum Pulse Width 'clk'
Slack : -3.201
TNS   : -7.688

Type  : Slow 1200mV 0C Model Minimum Pulse Width 'vga_controller:comb_4|vga_clk'
Slack : -1.487
TNS   : -34.201

Type  : Fast 1200mV 0C Model Setup 'vga_controller:comb_4|vga_clk'
Slack : -0.447
TNS   : -5.212

Type  : Fast 1200mV 0C Model Setup 'clk'
Slack : 0.226
TNS   : 0.000

Type  : Fast 1200mV 0C Model Hold 'clk'
Slack : -0.145
TNS   : -0.145

Type  : Fast 1200mV 0C Model Hold 'vga_controller:comb_4|vga_clk'
Slack : 0.279
TNS   : 0.000

Type  : Fast 1200mV 0C Model Minimum Pulse Width 'clk'
Slack : -3.000
TNS   : -5.192

Type  : Fast 1200mV 0C Model Minimum Pulse Width 'vga_controller:comb_4|vga_clk'
Slack : -1.000
TNS   : -23.000

------------------------------------------------------------
