------------------------------------------------------------
TimeQuest Timing Analyzer Summary
------------------------------------------------------------

Type  : Slow 1200mV 85C Model Setup 'vga_clk'
Slack : -2.630
TNS   : -45.556

Type  : Slow 1200mV 85C Model Setup 'clk'
Slack : -0.463
TNS   : -0.524

Type  : Slow 1200mV 85C Model Hold 'clk'
Slack : -0.111
TNS   : -0.111

Type  : Slow 1200mV 85C Model Hold 'vga_clk'
Slack : 0.483
TNS   : 0.000

Type  : Slow 1200mV 85C Model Minimum Pulse Width 'clk'
Slack : -3.201
TNS   : -7.688

Type  : Slow 1200mV 85C Model Minimum Pulse Width 'vga_clk'
Slack : -1.487
TNS   : -43.123

Type  : Slow 1200mV 0C Model Setup 'vga_clk'
Slack : -2.400
TNS   : -40.333

Type  : Slow 1200mV 0C Model Setup 'clk'
Slack : -0.409
TNS   : -0.447

Type  : Slow 1200mV 0C Model Hold 'clk'
Slack : -0.081
TNS   : -0.081

Type  : Slow 1200mV 0C Model Hold 'vga_clk'
Slack : 0.448
TNS   : 0.000

Type  : Slow 1200mV 0C Model Minimum Pulse Width 'clk'
Slack : -3.201
TNS   : -7.688

Type  : Slow 1200mV 0C Model Minimum Pulse Width 'vga_clk'
Slack : -1.487
TNS   : -43.123

Type  : Fast 1200mV 0C Model Setup 'vga_clk'
Slack : -0.554
TNS   : -6.668

Type  : Fast 1200mV 0C Model Setup 'clk'
Slack : 0.285
TNS   : 0.000

Type  : Fast 1200mV 0C Model Hold 'clk'
Slack : -0.161
TNS   : -0.161

Type  : Fast 1200mV 0C Model Hold 'vga_clk'
Slack : 0.195
TNS   : 0.000

Type  : Fast 1200mV 0C Model Minimum Pulse Width 'clk'
Slack : -3.000
TNS   : -5.192

Type  : Fast 1200mV 0C Model Minimum Pulse Width 'vga_clk'
Slack : -1.000
TNS   : -29.000

------------------------------------------------------------
